// Jest Snapshot v1, https://goo.gl/fbAQLP

exports[`Experiences Component renders the Experiences component correctly 1`] = `
.c0 {
  height: 100vh;
  padding: 10vh;
  background: #2c2a32;
  font-family: 'Segoe UI',Roboto,'Helvetica Neue',sans-serif;
  margin: auto;
}

.c1 {
  font-size: 2.5rem;
  color: #fefefe;
  margin-bottom: 2%;
}

.c2 {
  font-size: 2rem;
  color: #fefefe;
}

.c3 {
  font-size: 1.5rem;
  color: #fefefe;
  font-weight: 400;
}

.c4 {
  font-size: 1.2rem;
  color: #fefefe;
  font-weight: 400;
  margin-bottom: 2%;
}

<section
  class="c0"
>
  <h1
    class="c1"
  >
    Experiência
  </h1>
  <div>
    <h3
      class="c2"
    >
      Desenvolvedor Front-End
    </h3>
    <h4
      class="c3"
    >
      Multiplica - Crédito e Investimento
    </h4>
    <h5
      class="c4"
    >
      Outubro/2021
       - 
      Atual
    </h5>
  </div>
  <div>
    <h3
      class="c2"
    >
      Desenvolvedor Front-End
    </h3>
    <h4
      class="c3"
    >
      DoarBem
    </h4>
    <h5
      class="c4"
    >
      Maio/2022
       - 
      Fevereiro/2024
    </h5>
  </div>
  <div>
    <h3
      class="c2"
    >
      Estagiário em Qualidade de Software
    </h3>
    <h4
      class="c3"
    >
      Kantar Ibope Media
    </h4>
    <h5
      class="c4"
    >
      Janeiro/2021
       - 
      Outubro/2021
    </h5>
  </div>
</section>
`;
